Conflagration of all things
1025.000000
Scoping
5.000000
10.000000
Fib:
34.000000
Aleph:
1020.000000
Scoping
5.000000
10.000000
Fib:
21.000000
Aleph:
1010.000000
Scoping
5.000000
10.000000
Fib:
13.000000
Aleph:
1000.000000
Scoping
5.000000
10.000000
Fib:
8.000000
Aleph:
990.000000
3.000000
GCD:
5.000000
-40.000000
0.000000
3.000000
GCD:
4.000000
-50.000000
-2.000000
-2.000000
0.000000
3.000000
GCD:
3.000000
-60.000000
0.000000
3.000000
GCD:
2.000000
-70.000000
0.000000
3.000000
GCD:
1.000000
-80.000000
0.000000
3.000000
GCD:
0.000000
-90.000000
0.000000
3.000000
GCD:
-1.000000
-100.000000
0.000000
-90.000000
