We made this many iterations:
9.000000
Final value of b:
5.000000